C51 COMPILER V9.54   KEY                                                                   11/19/2024 17:08:19 PAGE 1   


C51 COMPILER V9.54, COMPILATION OF MODULE KEY
OBJECT MODULE PLACED IN .\Objects\Key.obj
COMPILER INVOKED BY: D:\software\Keil\C51\BIN\C51.EXE Key.c OPTIMIZE(8,SPEED) BROWSE DEBUG OBJECTEXTEND PRINT(.\Listings
                    -\Key.lst) TABS(2) OBJECT(.\Objects\Key.obj)

line level    source

   1          #include <REGX52.H>
   2          #include "Delay.h"
   3          
   4          /*
   5            获取独立按键键码
   6          */
   7          unsigned char Key(void)
   8          {
   9   1        unsigned char keyNumber = 0;
  10   1        
  11   1        if(P3_1==0) {Delay(20);while(P3_1==0);Delay(20);keyNumber=1;}
  12   1        if(P3_0==0) {Delay(20);while(P3_0==0);Delay(20);keyNumber=2;}
  13   1        if(P3_2==0) {Delay(20);while(P3_2==0);Delay(20);keyNumber=3;}
  14   1        if(P3_3==0) {Delay(20);while(P3_3==0);Delay(20);keyNumber=4;}
  15   1        
  16   1        return keyNumber;
  17   1      }


MODULE INFORMATION:   STATIC OVERLAYABLE
   CODE SIZE        =     97    ----
   CONSTANT SIZE    =   ----    ----
   XDATA SIZE       =   ----    ----
   PDATA SIZE       =   ----    ----
   DATA SIZE        =   ----       1
   IDATA SIZE       =   ----    ----
   BIT SIZE         =   ----    ----
END OF MODULE INFORMATION.


C51 COMPILATION COMPLETE.  0 WARNING(S),  0 ERROR(S)
